// Jest Snapshot v1, https://goo.gl/fbAQLP

exports[`Unit testing for Button Component Should show correctly 1`] = `
<button
  className="sc-AxjAm WiIod"
  onClick={[MockFunction]}
>
  Test Btn
</button>
`;
