// Jest Snapshot v1, https://goo.gl/fbAQLP

exports[`Unit test for <Table> Should show component correctly 1`] = `
<div
  className="sc-AxjAm iPUaXY"
>
  <div
    className="sc-AxirZ gGFIeF"
  >
    <h2>
      test Items
    </h2>
    <button
      className="sc-AxhCb lkXtCa"
    >
      Button
    </button>
  </div>
  <div
    className="sc-AxiKw fcEhuF"
  >
    <div
      className="sc-AxhUy flixkA"
    >
      <svg
        fill="currentColor"
        height="1em"
        stroke="currentColor"
        strokeWidth="0"
        style={
          Object {
            "color": undefined,
          }
        }
        viewBox="0 0 24 24"
        width="1em"
        xmlns="http://www.w3.org/2000/svg"
      >
        <path
          d="M12 2C6.48 2 2 6.48 2 12s4.48 10 10 10 10-4.48 10-10S17.52 2 12 2zm0 3c1.66 0 3 1.34 3 3s-1.34 3-3 3-3-1.34-3-3 1.34-3 3-3zm0 14.2c-2.5 0-4.71-1.28-6-3.22.03-1.99 4-3.08 6-3.08 1.99 0 5.97 1.09 6 3.08-1.29 1.94-3.5 3.22-6 3.22z"
          key="0"
        />
      </svg>
      <p
        key="12345"
      >
        12345
      </p>
      <p
        key="lastName"
      >
        lastName
      </p>
      <p
        key="name"
      >
        name
      </p>
      <button>
        Toggle Button
      </button>
    </div>
  </div>
</div>
`;
